2013-02-28 18:23:54


parameters
	bl2seq_extend_hsp	25
	bl2seq_extend_span	50
	candidate_blastopts	-p blastx -M BLOSUM45 -e 1E-5 -g F -b 1000 -v 0 -F "" -z 3000000
	candidate_evalue	
	candidate_overlap_threshold	0.8
	candidate_refdb	
	command_line	/local/devel/ANNOTATION/VIRAL/VIGOR/new/VIGOR3.pl -i /home/atovtchi/work/jcvi_cloud_vir/test_data/VIGOR/ASM/rotaV_10_22_many_many/input/rotaV_10_22_many_many.fasta -o /home/atovtchi/work/jcvi_cloud_vir/test_data/VIGOR/ASM/rotaV_10_22_many_many/output/rotaV_10_22_many_many
	default_gene_optional	0
	default_gene_required	0
	default_gene_variation	1
	frameshift_sensitivity	1
	gene_variations	
	jcvi_rules	1
	mature_pep_mincoverage	50
	mature_pep_minidentity	25
	mature_pep_minsimilarity	40
	mature_pep_refdb	/local/devel/ANNOTATION/VIRAL/VIGOR/data3/virus_mp
	max_intron_size	7000
	min_candidate_pctsimilarity	50
	min_candidate_sbjcoverage	33
	min_exon_size	3
	min_intron_size	30
	min_pseudogene_coverage	80
	min_pseudogene_identity	50
	min_pseudogene_similarity	75
	noncanonical_splicing_genes	
	optional_genes	
	reference_db	/local/devel/ANNOTATION/VIRAL/VIGOR/data3/virus_db
	required_genes	
	ribosomal_slippage_genes	
	rna_editing_genes	
	selectivity	0.985
	slippage_frameshift	-1
	slippage_motif	[NT][NT][NT]AAAC
	spliced_genes	
	splicesite_extend_range	0
	tile_overlap	1000000
	tile_size	10000000
	use_locus_tags	1
	variation	0.975
	verbose	0
	vigorspace	/local/devel/ANNOTATION/VIRAL/VIGOR/new/vigorscratch/639120.99071695


Sequence               Length  Genes  Pseudogenes  CDS Bases  Peptide Bases  %Ref Coverage  %Ref Identity  %Ref Similarity   Ref DB
4669                     3269      1            0       3267           1088          100.0          100.0            100.0   rtv_db

gene_id            %id    %sim   %cov   %t5   %gap  %t3   start..stop      pep sz ref sz ref id            definition
1.1                100.0  100.0  100.0  0.0   0.0   0.0   2..3268          1088   1088   AEB79077.1        VP1 | RNA-dependent RNA Polymerase VP1


Sequence               Length  Genes  Pseudogenes  CDS Bases  Peptide Bases  %Ref Coverage  %Ref Identity  %Ref Similarity   Ref DB
4670                     1013      1            0        954            317          100.0           99.4            100.0   rtv_db

gene_id            %id    %sim   %cov   %t5   %gap  %t3   start..stop      pep sz ref sz ref id            definition
2.1                99.4   100.0  100.0  0.0   0.0   0.0   19..972          317    317    AFJ68416.1        NSP2 | non-structural protein 2


Sequence               Length  Genes  Pseudogenes  CDS Bases  Peptide Bases  %Ref Coverage  %Ref Identity  %Ref Similarity   Ref DB
4671                     1519      1            0       1461            486          100.0           99.2             99.6   rtv_db

gene_id            %id    %sim   %cov   %t5   %gap  %t3   start..stop      pep sz ref sz ref id            definition
3.1                99.2   99.6   100.0  0.0   0.0   0.0   3..1463          486    486    ADO78275.1        NSP1 | non-structural protein 1


Sequence               Length  Genes  Pseudogenes  CDS Bases  Peptide Bases  %Ref Coverage  %Ref Identity  %Ref Similarity   Ref DB
4672                      623      2            0        873            289          100.0          100.0            100.0   rtv_db

gene_id            %id    %sim   %cov   %t5   %gap  %t3   start..stop      pep sz ref sz ref id            definition
4.1                100.0  100.0  100.0  0.0   0.0   0.0   5..598           197    197    AEB79526.1        NSP5 | non-structural protein 5
4.2                100.0  100.0  100.0  0.0   0.0   0.0   63..341          92     92     AEB79527.1        NSP6 | non-structural protein 6


Sequence               Length  Genes  Pseudogenes  CDS Bases  Peptide Bases  %Ref Coverage  %Ref Identity  %Ref Similarity   Ref DB
4673                      706      1            0        528            175          100.0           98.9             99.4   rtv_db

gene_id            %id    %sim   %cov   %t5   %gap  %t3   start..stop      pep sz ref sz ref id            definition
5.1                98.9   99.4   100.0  0.0   0.0   0.0   18..545          175    175    ABI84235.1        NSP4 | non-structural protein 4


Sequence               Length  Genes  Pseudogenes  CDS Bases  Peptide Bases  %Ref Coverage  %Ref Identity  %Ref Similarity   Ref DB
4674                     1011      1            0        981            326          100.0           98.8             99.7   rtv_db

gene_id            %id    %sim   %cov   %t5   %gap  %t3   start..stop      pep sz ref sz ref id            definition
6.1                98.8   99.6   100.0  0.0   0.0   0.0   16..996          326    326    AFQ21016.1        VP7 | capsid glycoprotein VP7


Sequence               Length  Genes  Pseudogenes  CDS Bases  Peptide Bases  %Ref Coverage  %Ref Identity  %Ref Similarity   Ref DB
4675                     1015      1            0        933            310          100.0           99.7             99.7   rtv_db

gene_id            %id    %sim   %cov   %t5   %gap  %t3   start..stop      pep sz ref sz ref id            definition
7.1                99.7   99.7   100.0  0.0   0.0   0.0   16..948          310    310    AFB35216.1        NSP3 | non-structural protein 3


Sequence               Length  Genes  Pseudogenes  CDS Bases  Peptide Bases  %Ref Coverage  %Ref Identity  %Ref Similarity   Ref DB
4676                     1320      1            0       1194            397          100.0          100.0            100.0   rtv_db

gene_id            %id    %sim   %cov   %t5   %gap  %t3   start..stop      pep sz ref sz ref id            definition
8.1                100.0  100.0  100.0  0.0   0.0   0.0   4..1197          397    397    AFX82739.1        VP6 | inner capsid protein VP6


Sequence               Length  Genes  Pseudogenes  CDS Bases  Peptide Bases  %Ref Coverage  %Ref Identity  %Ref Similarity   Ref DB
4677                     2335      1            0       2328            775          100.0          100.0            100.0   rtv_db

gene_id            %id    %sim   %cov   %t5   %gap  %t3   start..stop      pep sz ref sz ref id            definition
9.1                100.0  100.0  100.0  0.0   0.0   0.0   1..2328          775    775    AEB79203.1        VP4 | outer capsid spike protein VP4


Sequence               Length  Genes  Pseudogenes  CDS Bases  Peptide Bases  %Ref Coverage  %Ref Identity  %Ref Similarity   Ref DB
4678                     2530      1            0       2508            835          100.0          100.0            100.0   rtv_db

gene_id            %id    %sim   %cov   %t5   %gap  %t3   start..stop      pep sz ref sz ref id            definition
10.1               100.0  100.0  100.0  0.0   0.0   0.0   6..2513          835    835    AEB79165.1        VP3 | RNA capping protein VP3


Sequence               Length  Genes  Pseudogenes  CDS Bases  Peptide Bases  %Ref Coverage  %Ref Identity  %Ref Similarity   Ref DB
4679                     2697      1            0       2685            894          100.0           99.6             99.9   rtv_db

gene_id            %id    %sim   %cov   %t5   %gap  %t3   start..stop      pep sz ref sz ref id            definition
11.1               99.6   99.9   100.0  0.0   0.0   0.0   1..2685          894    894    AEK64456.1        VP2 | core capsid protein VP2


Sequence               Length  Genes  Pseudogenes  CDS Bases  Peptide Bases  %Ref Coverage  %Ref Identity  %Ref Similarity   Ref DB
4749                     3269      1            0       3267           1088          100.0           99.9            100.0   rtv_db

gene_id            %id    %sim   %cov   %t5   %gap  %t3   start..stop      pep sz ref sz ref id            definition
12.1               99.9   100.0  100.0  0.0   0.0   0.0   2..3268          1088   1088   AEB79077.1        VP1 | RNA-dependent RNA Polymerase VP1


Sequence               Length  Genes  Pseudogenes  CDS Bases  Peptide Bases  %Ref Coverage  %Ref Identity  %Ref Similarity   Ref DB
4750                      996      1            0        954            317          100.0           99.4            100.0   rtv_db

gene_id            %id    %sim   %cov   %t5   %gap  %t3   start..stop      pep sz ref sz ref id            definition
13.1               99.4   100.0  100.0  0.0   0.0   0.0   11..964          317    317    AFJ68416.1        NSP2 | non-structural protein 2


Sequence               Length  Genes  Pseudogenes  CDS Bases  Peptide Bases  %Ref Coverage  %Ref Identity  %Ref Similarity   Ref DB
4751                     1476      1            0       1461            486          100.0           99.2             99.6   rtv_db

gene_id            %id    %sim   %cov   %t5   %gap  %t3   start..stop      pep sz ref sz ref id            definition
14.1               99.2   99.6   100.0  0.0   0.0   0.0   3..1463          486    486    ADO78275.1        NSP1 | non-structural protein 1


Sequence               Length  Genes  Pseudogenes  CDS Bases  Peptide Bases  %Ref Coverage  %Ref Identity  %Ref Similarity   Ref DB
4752                      617      2            0        873            289          100.0           99.7            100.0   rtv_db

gene_id            %id    %sim   %cov   %t5   %gap  %t3   start..stop      pep sz ref sz ref id            definition
15.1               99.5   100.0  100.0  0.0   0.0   0.0   5..598           197    197    AEB80159.1        NSP5 | non-structural protein 5
15.2               100.0  100.0  100.0  0.0   0.0   0.0   63..341          92     92     AEB79527.1        NSP6 | non-structural protein 6


Sequence               Length  Genes  Pseudogenes  CDS Bases  Peptide Bases  %Ref Coverage  %Ref Identity  %Ref Similarity   Ref DB
4753                      706      1            0        528            175          100.0           98.3             99.4   rtv_db

gene_id            %id    %sim   %cov   %t5   %gap  %t3   start..stop      pep sz ref sz ref id            definition
16.1               98.3   99.4   100.0  0.0   0.0   0.0   18..545          175    175    ABI84235.1        NSP4 | non-structural protein 4


Sequence               Length  Genes  Pseudogenes  CDS Bases  Peptide Bases  %Ref Coverage  %Ref Identity  %Ref Similarity   Ref DB
4754                     1010      1            0        981            326          100.0           99.1            100.0   rtv_db

gene_id            %id    %sim   %cov   %t5   %gap  %t3   start..stop      pep sz ref sz ref id            definition
17.1               99.1   99.9   100.0  0.0   0.0   0.0   16..996          326    326    AFQ21016.1        VP7 | capsid glycoprotein VP7


Sequence               Length  Genes  Pseudogenes  CDS Bases  Peptide Bases  %Ref Coverage  %Ref Identity  %Ref Similarity   Ref DB
4755                     1015      1            0        933            310          100.0           99.7            100.0   rtv_db

gene_id            %id    %sim   %cov   %t5   %gap  %t3   start..stop      pep sz ref sz ref id            definition
18.1               99.7   99.9   100.0  0.0   0.0   0.0   16..948          310    310    AFB35216.1        NSP3 | non-structural protein 3


Sequence               Length  Genes  Pseudogenes  CDS Bases  Peptide Bases  %Ref Coverage  %Ref Identity  %Ref Similarity   Ref DB
4756                     1320      1            0       1194            397          100.0          100.0            100.0   rtv_db

gene_id            %id    %sim   %cov   %t5   %gap  %t3   start..stop      pep sz ref sz ref id            definition
19.1               100.0  100.0  100.0  0.0   0.0   0.0   4..1197          397    397    AFX82739.1        VP6 | inner capsid protein VP6


Sequence               Length  Genes  Pseudogenes  CDS Bases  Peptide Bases  %Ref Coverage  %Ref Identity  %Ref Similarity   Ref DB
4757                     2335      1            0       2328            775          100.0           99.9             99.9   rtv_db

gene_id            %id    %sim   %cov   %t5   %gap  %t3   start..stop      pep sz ref sz ref id            definition
20.1               99.9   99.9   100.0  0.0   0.0   0.0   1..2328          775    775    AEB79203.1        VP4 | outer capsid spike protein VP4


Sequence               Length  Genes  Pseudogenes  CDS Bases  Peptide Bases  %Ref Coverage  %Ref Identity  %Ref Similarity   Ref DB
4759                     2697      1            0       2685            894          100.0           99.4             99.9   rtv_db

gene_id            %id    %sim   %cov   %t5   %gap  %t3   start..stop      pep sz ref sz ref id            definition
21.1               99.4   99.9   100.0  0.0   0.0   0.0   1..2685          894    894    AEK64456.1        VP2 | core capsid protein VP2


Sequence               Length  Genes  Pseudogenes  CDS Bases  Peptide Bases  %Ref Coverage  %Ref Identity  %Ref Similarity   Ref DB
5062                     2530      1            0       2508            835          100.0          100.0            100.0   rtv_db

gene_id            %id    %sim   %cov   %t5   %gap  %t3   start..stop      pep sz ref sz ref id            definition
22.1               100.0  100.0  100.0  0.0   0.0   0.0   6..2513          835    835    AEB79168.1        VP3 | RNA capping protein VP3


Sequence               Length  Genes  Pseudogenes  CDS Bases  Peptide Bases  %Ref Coverage  %Ref Identity  %Ref Similarity   Ref DB
4798                     3269      1            0       3267           1088          100.0          100.0            100.0   rtv_db

gene_id            %id    %sim   %cov   %t5   %gap  %t3   start..stop      pep sz ref sz ref id            definition
23.1               100.0  100.0  100.0  0.0   0.0   0.0   2..3268          1088   1088   AFJ68164.1        VP1 | RNA-dependent RNA Polymerase VP1


Sequence               Length  Genes  Pseudogenes  CDS Bases  Peptide Bases  %Ref Coverage  %Ref Identity  %Ref Similarity   Ref DB
4799                     1019      1            0        954            317          100.0           98.7             99.4   rtv_db

gene_id            %id    %sim   %cov   %t5   %gap  %t3   start..stop      pep sz ref sz ref id            definition
24.1               98.7   99.4   100.0  0.0   0.0   0.0   25..978          317    317    AEG77040.1        NSP2 | non-structural protein 2


Sequence               Length  Genes  Pseudogenes  CDS Bases  Peptide Bases  %Ref Coverage  %Ref Identity  %Ref Similarity   Ref DB
4800                     1513      1            0       1461            486          100.0           99.2            100.0   rtv_db

gene_id            %id    %sim   %cov   %t5   %gap  %t3   start..stop      pep sz ref sz ref id            definition
25.1               99.2   99.9   100.0  0.0   0.0   0.0   3..1463          486    486    ADO78288.1        NSP1 | non-structural protein 1


Sequence               Length  Genes  Pseudogenes  CDS Bases  Peptide Bases  %Ref Coverage  %Ref Identity  %Ref Similarity   Ref DB
4801                      619      2            0        873            289          100.0          100.0            100.0   rtv_db

gene_id            %id    %sim   %cov   %t5   %gap  %t3   start..stop      pep sz ref sz ref id            definition
26.1               100.0  100.0  100.0  0.0   0.0   0.0   5..598           197    197    BAA98128.1        NSP5 | non-structural protein 5
26.2               100.0  100.0  100.0  0.0   0.0   0.0   63..341          92     92     AEB80146.1        NSP6 | non-structural protein 6


Sequence               Length  Genes  Pseudogenes  CDS Bases  Peptide Bases  %Ref Coverage  %Ref Identity  %Ref Similarity   Ref DB
4802                      706      1            0        528            175          100.0           99.4            100.0   rtv_db

gene_id            %id    %sim   %cov   %t5   %gap  %t3   start..stop      pep sz ref sz ref id            definition
27.1               99.4   100.0  100.0  0.0   0.0   0.0   18..545          175    175    AAG09159.1        NSP4 | non-structural protein 4


Sequence               Length  Genes  Pseudogenes  CDS Bases  Peptide Bases  %Ref Coverage  %Ref Identity  %Ref Similarity   Ref DB
4803                     1011      1            0        981            326          100.0           98.8             99.4   rtv_db

gene_id            %id    %sim   %cov   %t5   %gap  %t3   start..stop      pep sz ref sz ref id            definition
28.1               98.8   99.3   100.0  0.0   0.0   0.0   16..996          326    326    AFU34313.1        VP7 | capsid glycoprotein VP7


Sequence               Length  Genes  Pseudogenes  CDS Bases  Peptide Bases  %Ref Coverage  %Ref Identity  %Ref Similarity   Ref DB
4804                     1015      1            0        933            310          100.0          100.0            100.0   rtv_db

gene_id            %id    %sim   %cov   %t5   %gap  %t3   start..stop      pep sz ref sz ref id            definition
29.1               100.0  100.0  100.0  0.0   0.0   0.0   16..948          310    310    AFJ68171.1        NSP3 | non-structural protein 3


Sequence               Length  Genes  Pseudogenes  CDS Bases  Peptide Bases  %Ref Coverage  %Ref Identity  %Ref Similarity   Ref DB
4805                     1320      1            0       1194            397          100.0           99.7            100.0   rtv_db

gene_id            %id    %sim   %cov   %t5   %gap  %t3   start..stop      pep sz ref sz ref id            definition
30.1               99.7   100.0  100.0  0.0   0.0   0.0   4..1197          397    397    AEK69541.1        VP6 | inner capsid protein VP6


Sequence               Length  Genes  Pseudogenes  CDS Bases  Peptide Bases  %Ref Coverage  %Ref Identity  %Ref Similarity   Ref DB
4807                     2525      1            0       2508            835          100.0           99.5             99.9   rtv_db

gene_id            %id    %sim   %cov   %t5   %gap  %t3   start..stop      pep sz ref sz ref id            definition
31.1               99.5   99.9   100.0  0.0   0.0   0.0   1..2508          835    835    AFJ68138.1        VP3 | RNA capping protein VP3


Sequence               Length  Genes  Pseudogenes  CDS Bases  Peptide Bases  %Ref Coverage  %Ref Identity  %Ref Similarity   Ref DB
5053                     2333      1            0       2328            775          100.0           99.7             99.7   rtv_db

gene_id            %id    %sim   %cov   %t5   %gap  %t3   start..stop      pep sz ref sz ref id            definition
32.1               99.7   99.7   100.0  0.0   0.0   0.0   1..2328          775    775    AFJ68221.1        VP4 | outer capsid spike protein VP4


Sequence               Length  Genes  Pseudogenes  CDS Bases  Peptide Bases  %Ref Coverage  %Ref Identity  %Ref Similarity   Ref DB
5054                     2685      1            0       2673            890          100.0           99.9            100.0   rtv_db

gene_id            %id    %sim   %cov   %t5   %gap  %t3   start..stop      pep sz ref sz ref id            definition
33.1               99.9   100.0  100.0  0.0   0.0   0.0   1..2673          890    890    AFJ68151.1        VP2 | core capsid protein VP2


Sequence               Length  Genes  Pseudogenes  CDS Bases  Peptide Bases  %Ref Coverage  %Ref Identity  %Ref Similarity   Ref DB
4776                     3269      1            0       3267           1088          100.0          100.0            100.0   rtv_db

gene_id            %id    %sim   %cov   %t5   %gap  %t3   start..stop      pep sz ref sz ref id            definition
34.1               100.0  100.0  100.0  0.0   0.0   0.0   2..3268          1088   1088   AFJ68164.1        VP1 | RNA-dependent RNA Polymerase VP1


Sequence               Length  Genes  Pseudogenes  CDS Bases  Peptide Bases  %Ref Coverage  %Ref Identity  %Ref Similarity   Ref DB
4777                     1019      1            0        954            317          100.0           98.7             99.4   rtv_db

gene_id            %id    %sim   %cov   %t5   %gap  %t3   start..stop      pep sz ref sz ref id            definition
35.1               98.7   99.4   100.0  0.0   0.0   0.0   25..978          317    317    AEG77040.1        NSP2 | non-structural protein 2


Sequence               Length  Genes  Pseudogenes  CDS Bases  Peptide Bases  %Ref Coverage  %Ref Identity  %Ref Similarity   Ref DB
4778                     1519      1            0       1461            486          100.0           99.0             99.8   rtv_db

gene_id            %id    %sim   %cov   %t5   %gap  %t3   start..stop      pep sz ref sz ref id            definition
36.1               99.0   99.7   100.0  0.0   0.0   0.0   3..1463          486    486    ADO78288.1        NSP1 | non-structural protein 1


Sequence               Length  Genes  Pseudogenes  CDS Bases  Peptide Bases  %Ref Coverage  %Ref Identity  %Ref Similarity   Ref DB
4779                      619      2            0        873            289          100.0           99.7            100.0   rtv_db

gene_id            %id    %sim   %cov   %t5   %gap  %t3   start..stop      pep sz ref sz ref id            definition
37.1               99.5   100.0  100.0  0.0   0.0   0.0   1..594           197    197    BAA98128.1        NSP5 | non-structural protein 5
37.2               100.0  100.0  100.0  0.0   0.0   0.0   59..337          92     92     AEB80146.1        NSP6 | non-structural protein 6


Sequence               Length  Genes  Pseudogenes  CDS Bases  Peptide Bases  %Ref Coverage  %Ref Identity  %Ref Similarity   Ref DB
4780                      706      1            0        528            175          100.0           99.4            100.0   rtv_db

gene_id            %id    %sim   %cov   %t5   %gap  %t3   start..stop      pep sz ref sz ref id            definition
38.1               99.4   100.0  100.0  0.0   0.0   0.0   18..545          175    175    AAG09159.1        NSP4 | non-structural protein 4


Sequence               Length  Genes  Pseudogenes  CDS Bases  Peptide Bases  %Ref Coverage  %Ref Identity  %Ref Similarity   Ref DB
4781                     1011      1            0        981            326          100.0           99.1             99.4   rtv_db

gene_id            %id    %sim   %cov   %t5   %gap  %t3   start..stop      pep sz ref sz ref id            definition
39.1               99.1   99.3   100.0  0.0   0.0   0.0   16..996          326    326    AFU34313.1        VP7 | capsid glycoprotein VP7


Sequence               Length  Genes  Pseudogenes  CDS Bases  Peptide Bases  %Ref Coverage  %Ref Identity  %Ref Similarity   Ref DB
4782                     1015      1            0        933            310          100.0          100.0            100.0   rtv_db

gene_id            %id    %sim   %cov   %t5   %gap  %t3   start..stop      pep sz ref sz ref id            definition
40.1               100.0  100.0  100.0  0.0   0.0   0.0   16..948          310    310    AFJ68171.1        NSP3 | non-structural protein 3


Sequence               Length  Genes  Pseudogenes  CDS Bases  Peptide Bases  %Ref Coverage  %Ref Identity  %Ref Similarity   Ref DB
4783                     1320      1            0       1194            397          100.0           99.5            100.0   rtv_db

gene_id            %id    %sim   %cov   %t5   %gap  %t3   start..stop      pep sz ref sz ref id            definition
41.1               99.5   100.0  100.0  0.0   0.0   0.0   4..1197          397    397    AEK69541.1        VP6 | inner capsid protein VP6


Sequence               Length  Genes  Pseudogenes  CDS Bases  Peptide Bases  %Ref Coverage  %Ref Identity  %Ref Similarity   Ref DB
4784                     2335      1            0       2328            775          100.0          100.0            100.0   rtv_db

gene_id            %id    %sim   %cov   %t5   %gap  %t3   start..stop      pep sz ref sz ref id            definition
42.1               100.0  100.0  100.0  0.0   0.0   0.0   1..2328          775    775    AFJ68221.1        VP4 | outer capsid spike protein VP4


Sequence               Length  Genes  Pseudogenes  CDS Bases  Peptide Bases  %Ref Coverage  %Ref Identity  %Ref Similarity   Ref DB
4785                     2530      1            0       2508            835          100.0           99.8             99.9   rtv_db

gene_id            %id    %sim   %cov   %t5   %gap  %t3   start..stop      pep sz ref sz ref id            definition
43.1               99.8   99.9   100.0  0.0   0.0   0.0   6..2513          835    835    AFJ68138.1        VP3 | RNA capping protein VP3


Sequence               Length  Genes  Pseudogenes  CDS Bases  Peptide Bases  %Ref Coverage  %Ref Identity  %Ref Similarity   Ref DB
5055                     2685      1            0       2673            890          100.0           99.9            100.0   rtv_db

gene_id            %id    %sim   %cov   %t5   %gap  %t3   start..stop      pep sz ref sz ref id            definition
44.1               99.9   100.0  100.0  0.0   0.0   0.0   1..2673          890    890    AFJ68151.1        VP2 | core capsid protein VP2


Sequence               Length  Genes  Pseudogenes  CDS Bases  Peptide Bases  %Ref Coverage  %Ref Identity  %Ref Similarity   Ref DB
4809                     3269      1            0       3267           1088          100.0          100.0            100.0   rtv_db

gene_id            %id    %sim   %cov   %t5   %gap  %t3   start..stop      pep sz ref sz ref id            definition
45.1               100.0  100.0  100.0  0.0   0.0   0.0   2..3268          1088   1088   AFJ68164.1        VP1 | RNA-dependent RNA Polymerase VP1


Sequence               Length  Genes  Pseudogenes  CDS Bases  Peptide Bases  %Ref Coverage  %Ref Identity  %Ref Similarity   Ref DB
4810                     1019      1            0        954            317          100.0           98.7             99.4   rtv_db

gene_id            %id    %sim   %cov   %t5   %gap  %t3   start..stop      pep sz ref sz ref id            definition
46.1               98.7   99.4   100.0  0.0   0.0   0.0   25..978          317    317    AEG77040.1        NSP2 | non-structural protein 2


Sequence               Length  Genes  Pseudogenes  CDS Bases  Peptide Bases  %Ref Coverage  %Ref Identity  %Ref Similarity   Ref DB
4811                     1503      1            0       1461            486          100.0           99.4            100.0   rtv_db

gene_id            %id    %sim   %cov   %t5   %gap  %t3   start..stop      pep sz ref sz ref id            definition
47.1               99.4   99.9   100.0  0.0   0.0   0.0   3..1463          486    486    ADO78288.1        NSP1 | non-structural protein 1


Sequence               Length  Genes  Pseudogenes  CDS Bases  Peptide Bases  %Ref Coverage  %Ref Identity  %Ref Similarity   Ref DB
4812                      609      2            0        873            289          100.0          100.0            100.0   rtv_db

gene_id            %id    %sim   %cov   %t5   %gap  %t3   start..stop      pep sz ref sz ref id            definition
48.1               100.0  100.0  100.0  0.0   0.0   0.0   5..598           197    197    BAA98128.1        NSP5 | non-structural protein 5
48.2               100.0  100.0  100.0  0.0   0.0   0.0   63..341          92     92     AEB80146.1        NSP6 | non-structural protein 6


Sequence               Length  Genes  Pseudogenes  CDS Bases  Peptide Bases  %Ref Coverage  %Ref Identity  %Ref Similarity   Ref DB
4813                      706      1            0        528            175          100.0           99.4            100.0   rtv_db

gene_id            %id    %sim   %cov   %t5   %gap  %t3   start..stop      pep sz ref sz ref id            definition
49.1               99.4   100.0  100.0  0.0   0.0   0.0   18..545          175    175    AAG09159.1        NSP4 | non-structural protein 4


Sequence               Length  Genes  Pseudogenes  CDS Bases  Peptide Bases  %Ref Coverage  %Ref Identity  %Ref Similarity   Ref DB
4814                     1006      1            0        981            326          100.0           99.1             99.4   rtv_db

gene_id            %id    %sim   %cov   %t5   %gap  %t3   start..stop      pep sz ref sz ref id            definition
50.1               99.1   99.3   100.0  0.0   0.0   0.0   16..996          326    326    AFU34313.1        VP7 | capsid glycoprotein VP7


Sequence               Length  Genes  Pseudogenes  CDS Bases  Peptide Bases  %Ref Coverage  %Ref Identity  %Ref Similarity   Ref DB
4815                     1015      1            0        933            310          100.0          100.0            100.0   rtv_db

gene_id            %id    %sim   %cov   %t5   %gap  %t3   start..stop      pep sz ref sz ref id            definition
51.1               100.0  100.0  100.0  0.0   0.0   0.0   16..948          310    310    AFJ68171.1        NSP3 | non-structural protein 3


Sequence               Length  Genes  Pseudogenes  CDS Bases  Peptide Bases  %Ref Coverage  %Ref Identity  %Ref Similarity   Ref DB
4816                     1320      1            0       1194            397          100.0           99.7            100.0   rtv_db

gene_id            %id    %sim   %cov   %t5   %gap  %t3   start..stop      pep sz ref sz ref id            definition
52.1               99.7   100.0  100.0  0.0   0.0   0.0   4..1197          397    397    AEK69541.1        VP6 | inner capsid protein VP6


Sequence               Length  Genes  Pseudogenes  CDS Bases  Peptide Bases  %Ref Coverage  %Ref Identity  %Ref Similarity   Ref DB
4817                     2335      1            0       2328            775          100.0          100.0            100.0   rtv_db

gene_id            %id    %sim   %cov   %t5   %gap  %t3   start..stop      pep sz ref sz ref id            definition
53.1               100.0  100.0  100.0  0.0   0.0   0.0   1..2328          775    775    AFJ68221.1        VP4 | outer capsid spike protein VP4


Sequence               Length  Genes  Pseudogenes  CDS Bases  Peptide Bases  %Ref Coverage  %Ref Identity  %Ref Similarity   Ref DB
4818                     2530      1            0       2508            835          100.0           99.6             99.9   rtv_db

gene_id            %id    %sim   %cov   %t5   %gap  %t3   start..stop      pep sz ref sz ref id            definition
54.1               99.6   99.9   100.0  0.0   0.0   0.0   6..2513          835    835    AFJ68138.1        VP3 | RNA capping protein VP3


Sequence               Length  Genes  Pseudogenes  CDS Bases  Peptide Bases  %Ref Coverage  %Ref Identity  %Ref Similarity   Ref DB
5058                     2685      1            0       2673            890          100.0           99.9            100.0   rtv_db

gene_id            %id    %sim   %cov   %t5   %gap  %t3   start..stop      pep sz ref sz ref id            definition
55.1               99.9   100.0  100.0  0.0   0.0   0.0   1..2673          890    890    AFJ68151.1        VP2 | core capsid protein VP2


Sequence               Length  Genes  Pseudogenes  CDS Bases  Peptide Bases  %Ref Coverage  %Ref Identity  %Ref Similarity   Ref DB
4934                     3269      1            0       3267           1088          100.0           99.8             99.9   rtv_db

gene_id            %id    %sim   %cov   %t5   %gap  %t3   start..stop      pep sz ref sz ref id            definition
56.1               99.8   99.9   100.0  0.0   0.0   0.0   2..3268          1088   1088   AEB79575.1        VP1 | RNA-dependent RNA Polymerase VP1


Sequence               Length  Genes  Pseudogenes  CDS Bases  Peptide Bases  %Ref Coverage  %Ref Identity  %Ref Similarity   Ref DB
4935                     1013      1            0        954            317          100.0          100.0            100.0   rtv_db

gene_id            %id    %sim   %cov   %t5   %gap  %t3   start..stop      pep sz ref sz ref id            definition
57.1               100.0  100.0  100.0  0.0   0.0   0.0   19..972          317    317    ADV39986.1        NSP2 | non-structural protein 2


Sequence               Length  Genes  Pseudogenes  CDS Bases  Peptide Bases  %Ref Coverage  %Ref Identity  %Ref Similarity   Ref DB
4938                      619      2            0        873            289          100.0          100.0            100.0   rtv_db

gene_id            %id    %sim   %cov   %t5   %gap  %t3   start..stop      pep sz ref sz ref id            definition
58.1               100.0  100.0  100.0  0.0   0.0   0.0   1..594           197    197    AFB35214.1        NSP5 | non-structural protein 5
58.2               100.0  100.0  100.0  0.0   0.0   0.0   59..337          92     92     AEB80128.1        NSP6 | non-structural protein 6


Sequence               Length  Genes  Pseudogenes  CDS Bases  Peptide Bases  %Ref Coverage  %Ref Identity  %Ref Similarity   Ref DB
4939                      706      1            0        528            175          100.0           98.9            100.0   rtv_db

gene_id            %id    %sim   %cov   %t5   %gap  %t3   start..stop      pep sz ref sz ref id            definition
59.1               98.9   100.0  100.0  0.0   0.0   0.0   18..545          175    175    ABI84235.1        NSP4 | non-structural protein 4


Sequence               Length  Genes  Pseudogenes  CDS Bases  Peptide Bases  %Ref Coverage  %Ref Identity  %Ref Similarity   Ref DB
4941                     1013      1            0        933            310          100.0           99.7            100.0   rtv_db

gene_id            %id    %sim   %cov   %t5   %gap  %t3   start..stop      pep sz ref sz ref id            definition
60.1               99.7   99.9   100.0  0.0   0.0   0.0   14..946          310    310    AFB35216.1        NSP3 | non-structural protein 3


Sequence               Length  Genes  Pseudogenes  CDS Bases  Peptide Bases  %Ref Coverage  %Ref Identity  %Ref Similarity   Ref DB
4942                     1320      1            0       1194            397          100.0          100.0            100.0   rtv_db

gene_id            %id    %sim   %cov   %t5   %gap  %t3   start..stop      pep sz ref sz ref id            definition
61.1               100.0  100.0  100.0  0.0   0.0   0.0   4..1197          397    397    AEO45637.1        VP6 | inner capsid protein VP6


Sequence               Length  Genes  Pseudogenes  CDS Bases  Peptide Bases  %Ref Coverage  %Ref Identity  %Ref Similarity   Ref DB
4943                     2335      1            0       2328            775          100.0           99.7             99.9   rtv_db

gene_id            %id    %sim   %cov   %t5   %gap  %t3   start..stop      pep sz ref sz ref id            definition
62.1               99.7   99.9   100.0  0.0   0.0   0.0   1..2328          775    775    AFJ68389.1        VP4 | outer capsid spike protein VP4


Sequence               Length  Genes  Pseudogenes  CDS Bases  Peptide Bases  %Ref Coverage  %Ref Identity  %Ref Similarity   Ref DB
4944                     2530      1            0       2508            835          100.0           99.3             99.9   rtv_db

gene_id            %id    %sim   %cov   %t5   %gap  %t3   start..stop      pep sz ref sz ref id            definition
63.1               99.3   99.9   100.0  0.0   0.0   0.0   6..2513          835    835    AEB79165.1        VP3 | RNA capping protein VP3


Sequence               Length  Genes  Pseudogenes  CDS Bases  Peptide Bases  %Ref Coverage  %Ref Identity  %Ref Similarity   Ref DB
5059                     1519      1            0       1461            486          100.0           97.7             99.6   rtv_db

gene_id            %id    %sim   %cov   %t5   %gap  %t3   start..stop      pep sz ref sz ref id            definition
64.1               97.7   99.6   100.0  0.0   0.0   0.0   3..1463          486    486    ADK46522.1        NSP1 | non-structural protein 1


Sequence               Length  Genes  Pseudogenes  CDS Bases  Peptide Bases  %Ref Coverage  %Ref Identity  %Ref Similarity   Ref DB
5060                     1023      1            0        981            326          100.0           99.7             99.7   rtv_db

gene_id            %id    %sim   %cov   %t5   %gap  %t3   start..stop      pep sz ref sz ref id            definition
65.1               99.7   99.7   100.0  0.0   0.0   0.0   28..1008         326    326    AFQ21016.1        VP7 | capsid glycoprotein VP7


Sequence               Length  Genes  Pseudogenes  CDS Bases  Peptide Bases  %Ref Coverage  %Ref Identity  %Ref Similarity   Ref DB
5061                     2697      1            0       2685            894          100.0          100.0            100.0   rtv_db

gene_id            %id    %sim   %cov   %t5   %gap  %t3   start..stop      pep sz ref sz ref id            definition
66.1               100.0  100.0  100.0  0.0   0.0   0.0   1..2685          894    894    AEB79112.1        VP2 | core capsid protein VP2


Sequence               Length  Genes  Pseudogenes  CDS Bases  Peptide Bases  %Ref Coverage  %Ref Identity  %Ref Similarity   Ref DB
4969                     3269      1            0       3267           1088          100.0           99.9            100.0   rtv_db

gene_id            %id    %sim   %cov   %t5   %gap  %t3   start..stop      pep sz ref sz ref id            definition
67.1               99.9   100.0  100.0  0.0   0.0   0.0   2..3268          1088   1088   AFJ68164.1        VP1 | RNA-dependent RNA Polymerase VP1


Sequence               Length  Genes  Pseudogenes  CDS Bases  Peptide Bases  %Ref Coverage  %Ref Identity  %Ref Similarity   Ref DB
4970                     1019      1            0        954            317          100.0           98.7             99.4   rtv_db

gene_id            %id    %sim   %cov   %t5   %gap  %t3   start..stop      pep sz ref sz ref id            definition
68.1               98.7   99.4   100.0  0.0   0.0   0.0   25..978          317    317    AEG77040.1        NSP2 | non-structural protein 2


Sequence               Length  Genes  Pseudogenes  CDS Bases  Peptide Bases  %Ref Coverage  %Ref Identity  %Ref Similarity   Ref DB
4971                     1478      1            0       1461            486          100.0           99.2            100.0   rtv_db

gene_id            %id    %sim   %cov   %t5   %gap  %t3   start..stop      pep sz ref sz ref id            definition
69.1               99.2   99.9   100.0  0.0   0.0   0.0   3..1463          486    486    ADO78288.1        NSP1 | non-structural protein 1


Sequence               Length  Genes  Pseudogenes  CDS Bases  Peptide Bases  %Ref Coverage  %Ref Identity  %Ref Similarity   Ref DB
4972                      623      2            0        873            289          100.0          100.0            100.0   rtv_db

gene_id            %id    %sim   %cov   %t5   %gap  %t3   start..stop      pep sz ref sz ref id            definition
70.1               100.0  100.0  100.0  0.0   0.0   0.0   5..598           197    197    BAA98128.1        NSP5 | non-structural protein 5
70.2               100.0  100.0  100.0  0.0   0.0   0.0   63..341          92     92     AEB80146.1        NSP6 | non-structural protein 6


Sequence               Length  Genes  Pseudogenes  CDS Bases  Peptide Bases  %Ref Coverage  %Ref Identity  %Ref Similarity   Ref DB
4973                      706      1            0        528            175          100.0           99.4            100.0   rtv_db

gene_id            %id    %sim   %cov   %t5   %gap  %t3   start..stop      pep sz ref sz ref id            definition
71.1               99.4   100.0  100.0  0.0   0.0   0.0   18..545          175    175    AAG09159.1        NSP4 | non-structural protein 4


Sequence               Length  Genes  Pseudogenes  CDS Bases  Peptide Bases  %Ref Coverage  %Ref Identity  %Ref Similarity   Ref DB
4974                     1011      1            0        981            326          100.0           99.1             99.4   rtv_db

gene_id            %id    %sim   %cov   %t5   %gap  %t3   start..stop      pep sz ref sz ref id            definition
72.1               99.1   99.3   100.0  0.0   0.0   0.0   16..996          326    326    AFU34313.1        VP7 | capsid glycoprotein VP7


Sequence               Length  Genes  Pseudogenes  CDS Bases  Peptide Bases  %Ref Coverage  %Ref Identity  %Ref Similarity   Ref DB
4975                     1015      1            0        933            310          100.0          100.0            100.0   rtv_db

gene_id            %id    %sim   %cov   %t5   %gap  %t3   start..stop      pep sz ref sz ref id            definition
73.1               100.0  100.0  100.0  0.0   0.0   0.0   16..948          310    310    AFJ68171.1        NSP3 | non-structural protein 3


Sequence               Length  Genes  Pseudogenes  CDS Bases  Peptide Bases  %Ref Coverage  %Ref Identity  %Ref Similarity   Ref DB
4976                     1320      1            0       1194            397          100.0           99.7            100.0   rtv_db

gene_id            %id    %sim   %cov   %t5   %gap  %t3   start..stop      pep sz ref sz ref id            definition
74.1               99.7   100.0  100.0  0.0   0.0   0.0   4..1197          397    397    AEK69541.1        VP6 | inner capsid protein VP6


Sequence               Length  Genes  Pseudogenes  CDS Bases  Peptide Bases  %Ref Coverage  %Ref Identity  %Ref Similarity   Ref DB
4977                     2335      1            0       2328            775          100.0           99.9             99.9   rtv_db

gene_id            %id    %sim   %cov   %t5   %gap  %t3   start..stop      pep sz ref sz ref id            definition
75.1               99.9   99.9   100.0  0.0   0.0   0.0   1..2328          775    775    AFJ68221.1        VP4 | outer capsid spike protein VP4


Sequence               Length  Genes  Pseudogenes  CDS Bases  Peptide Bases  %Ref Coverage  %Ref Identity  %Ref Similarity   Ref DB
4978                     2530      1            0       2508            835          100.0           99.8             99.9   rtv_db

gene_id            %id    %sim   %cov   %t5   %gap  %t3   start..stop      pep sz ref sz ref id            definition
76.1               99.8   99.9   100.0  0.0   0.0   0.0   6..2513          835    835    AFJ68138.1        VP3 | RNA capping protein VP3


Sequence               Length  Genes  Pseudogenes  CDS Bases  Peptide Bases  %Ref Coverage  %Ref Identity  %Ref Similarity   Ref DB
5057                     2686      1            0       2673            890          100.0           99.8            100.0   rtv_db

gene_id            %id    %sim   %cov   %t5   %gap  %t3   start..stop      pep sz ref sz ref id            definition
77.1               99.8   100.0  100.0  0.0   0.0   0.0   2..2674          890    890    AFJ68151.1        VP2 | core capsid protein VP2


Sequence               Length  Genes  Pseudogenes  CDS Bases  Peptide Bases  %Ref Coverage  %Ref Identity  %Ref Similarity   Ref DB
4923                     3269      1            0       3267           1088          100.0           99.9            100.0   rtv_db

gene_id            %id    %sim   %cov   %t5   %gap  %t3   start..stop      pep sz ref sz ref id            definition
78.1               99.9   100.0  100.0  0.0   0.0   0.0   2..3268          1088   1088   AEB79077.1        VP1 | RNA-dependent RNA Polymerase VP1


Sequence               Length  Genes  Pseudogenes  CDS Bases  Peptide Bases  %Ref Coverage  %Ref Identity  %Ref Similarity   Ref DB
4924                     1013      1            0        954            317          100.0           99.1             99.7   rtv_db

gene_id            %id    %sim   %cov   %t5   %gap  %t3   start..stop      pep sz ref sz ref id            definition
79.1               99.1   99.7   100.0  0.0   0.0   0.0   19..972          317    317    AFJ68416.1        NSP2 | non-structural protein 2


Sequence               Length  Genes  Pseudogenes  CDS Bases  Peptide Bases  %Ref Coverage  %Ref Identity  %Ref Similarity   Ref DB
4926                      623      2            0        873            289          100.0          100.0            100.0   rtv_db

gene_id            %id    %sim   %cov   %t5   %gap  %t3   start..stop      pep sz ref sz ref id            definition
80.1               100.0  100.0  100.0  0.0   0.0   0.0   5..598           197    197    AEB80159.1        NSP5 | non-structural protein 5
80.2               100.0  100.0  100.0  0.0   0.0   0.0   63..341          92     92     AEB79527.1        NSP6 | non-structural protein 6


Sequence               Length  Genes  Pseudogenes  CDS Bases  Peptide Bases  %Ref Coverage  %Ref Identity  %Ref Similarity   Ref DB
4927                      706      1            0        528            175          100.0           98.9             99.4   rtv_db

gene_id            %id    %sim   %cov   %t5   %gap  %t3   start..stop      pep sz ref sz ref id            definition
81.1               98.9   99.4   100.0  0.0   0.0   0.0   18..545          175    175    ABI84235.1        NSP4 | non-structural protein 4


Sequence               Length  Genes  Pseudogenes  CDS Bases  Peptide Bases  %Ref Coverage  %Ref Identity  %Ref Similarity   Ref DB
4928                     1011      1            0        981            326          100.0           99.1            100.0   rtv_db

gene_id            %id    %sim   %cov   %t5   %gap  %t3   start..stop      pep sz ref sz ref id            definition
82.1               99.1   99.9   100.0  0.0   0.0   0.0   16..996          326    326    AFQ21016.1        VP7 | capsid glycoprotein VP7


Sequence               Length  Genes  Pseudogenes  CDS Bases  Peptide Bases  %Ref Coverage  %Ref Identity  %Ref Similarity   Ref DB
4929                     1015      1            0        933            310          100.0           99.4             99.7   rtv_db

gene_id            %id    %sim   %cov   %t5   %gap  %t3   start..stop      pep sz ref sz ref id            definition
83.1               99.4   99.8   100.0  0.0   0.0   0.0   16..948          310    310    AFB35216.1        NSP3 | non-structural protein 3


Sequence               Length  Genes  Pseudogenes  CDS Bases  Peptide Bases  %Ref Coverage  %Ref Identity  %Ref Similarity   Ref DB
4930                     1320      1            0       1194            397          100.0          100.0            100.0   rtv_db

gene_id            %id    %sim   %cov   %t5   %gap  %t3   start..stop      pep sz ref sz ref id            definition
84.1               100.0  100.0  100.0  0.0   0.0   0.0   4..1197          397    397    AFX82739.1        VP6 | inner capsid protein VP6


Sequence               Length  Genes  Pseudogenes  CDS Bases  Peptide Bases  %Ref Coverage  %Ref Identity  %Ref Similarity   Ref DB
4931                     2335      1            0       2328            775          100.0          100.0            100.0   rtv_db

gene_id            %id    %sim   %cov   %t5   %gap  %t3   start..stop      pep sz ref sz ref id            definition
85.1               100.0  100.0  100.0  0.0   0.0   0.0   1..2328          775    775    AEB79203.1        VP4 | outer capsid spike protein VP4


Sequence               Length  Genes  Pseudogenes  CDS Bases  Peptide Bases  %Ref Coverage  %Ref Identity  %Ref Similarity   Ref DB
4932                     2530      1            0       2508            835          100.0           99.9            100.0   rtv_db

gene_id            %id    %sim   %cov   %t5   %gap  %t3   start..stop      pep sz ref sz ref id            definition
86.1               99.9   100.0  100.0  0.0   0.0   0.0   6..2513          835    835    AEB79165.1        VP3 | RNA capping protein VP3


Sequence               Length  Genes  Pseudogenes  CDS Bases  Peptide Bases  %Ref Coverage  %Ref Identity  %Ref Similarity   Ref DB
4933                     2697      1            0       2685            894          100.0           99.4             99.9   rtv_db

gene_id            %id    %sim   %cov   %t5   %gap  %t3   start..stop      pep sz ref sz ref id            definition
87.1               99.4   99.9   100.0  0.0   0.0   0.0   1..2685          894    894    AEK64456.1        VP2 | core capsid protein VP2


Sequence               Length  Genes  Pseudogenes  CDS Bases  Peptide Bases  %Ref Coverage  %Ref Identity  %Ref Similarity   Ref DB
5052                     1519      1            0       1461            486          100.0           99.2             99.6   rtv_db

gene_id            %id    %sim   %cov   %t5   %gap  %t3   start..stop      pep sz ref sz ref id            definition
88.1               99.2   99.6   100.0  0.0   0.0   0.0   3..1463          486    486    ADO78275.1        NSP1 | non-structural protein 1


Sequence               Length  Genes  Pseudogenes  CDS Bases  Peptide Bases  %Ref Coverage  %Ref Identity  %Ref Similarity   Ref DB
4736                     3269      1            0       3267           1088          100.0           99.8             99.9   rtv_db

gene_id            %id    %sim   %cov   %t5   %gap  %t3   start..stop      pep sz ref sz ref id            definition
89.1               99.8   99.9   100.0  0.0   0.0   0.0   2..3268          1088   1088   AFJ68152.1        VP1 | RNA-dependent RNA Polymerase VP1


Sequence               Length  Genes  Pseudogenes  CDS Bases  Peptide Bases  %Ref Coverage  %Ref Identity  %Ref Similarity   Ref DB
4737                     1010      1            0        954            317          100.0           99.1             99.7   rtv_db

gene_id            %id    %sim   %cov   %t5   %gap  %t3   start..stop      pep sz ref sz ref id            definition
90.1               99.1   99.6   100.0  0.0   0.0   0.0   25..978          317    317    AEB79941.1        NSP2 | non-structural protein 2


Sequence               Length  Genes  Pseudogenes  CDS Bases  Peptide Bases  %Ref Coverage  %Ref Identity  %Ref Similarity   Ref DB
4739                      619      2            0        873            289          100.0           99.7            100.0   rtv_db

gene_id            %id    %sim   %cov   %t5   %gap  %t3   start..stop      pep sz ref sz ref id            definition
91.1               99.5   99.9   100.0  0.0   0.0   0.0   1..594           197    197    AEB80113.1        NSP5 | non-structural protein 5
91.2               100.0  100.0  100.0  0.0   0.0   0.0   59..337          92     92     AEB80146.1        NSP6 | non-structural protein 6


Sequence               Length  Genes  Pseudogenes  CDS Bases  Peptide Bases  %Ref Coverage  %Ref Identity  %Ref Similarity   Ref DB
4740                      689      1            0        528            175          100.0           99.4            100.0   rtv_db

gene_id            %id    %sim   %cov   %t5   %gap  %t3   start..stop      pep sz ref sz ref id            definition
92.1               99.4   100.0  100.0  0.0   0.0   0.0   18..545          175    175    ACY01369.1        NSP4 | non-structural protein 4


Sequence               Length  Genes  Pseudogenes  CDS Bases  Peptide Bases  %Ref Coverage  %Ref Identity  %Ref Similarity   Ref DB
4741                     1011      1            0        981            326          100.0           99.4             99.7   rtv_db

gene_id            %id    %sim   %cov   %t5   %gap  %t3   start..stop      pep sz ref sz ref id            definition
93.1               99.4   99.7   100.0  0.0   0.0   0.0   16..996          326    326    ABP02038.1        VP7 | capsid glycoprotein VP7


Sequence               Length  Genes  Pseudogenes  CDS Bases  Peptide Bases  %Ref Coverage  %Ref Identity  %Ref Similarity   Ref DB
4742                     1015      1            0        933            310          100.0           99.7            100.0   rtv_db

gene_id            %id    %sim   %cov   %t5   %gap  %t3   start..stop      pep sz ref sz ref id            definition
94.1               99.7   100.0  100.0  0.0   0.0   0.0   16..948          310    310    ACU87632.1        NSP3 | non-structural protein 3


Sequence               Length  Genes  Pseudogenes  CDS Bases  Peptide Bases  %Ref Coverage  %Ref Identity  %Ref Similarity   Ref DB
4743                     1320      1            0       1194            397          100.0           99.2            100.0   rtv_db

gene_id            %id    %sim   %cov   %t5   %gap  %t3   start..stop      pep sz ref sz ref id            definition
95.1               99.2   100.0  100.0  0.0   0.0   0.0   4..1197          397    397    AFX82739.1        VP6 | inner capsid protein VP6


Sequence               Length  Genes  Pseudogenes  CDS Bases  Peptide Bases  %Ref Coverage  %Ref Identity  %Ref Similarity   Ref DB
4744                     2335      1            0       2328            775          100.0           99.7            100.0   rtv_db

gene_id            %id    %sim   %cov   %t5   %gap  %t3   start..stop      pep sz ref sz ref id            definition
96.1               99.7   100.0  100.0  0.0   0.0   0.0   1..2328          775    775    AFJ68154.1        VP4 | outer capsid spike protein VP4


Sequence               Length  Genes  Pseudogenes  CDS Bases  Peptide Bases  %Ref Coverage  %Ref Identity  %Ref Similarity   Ref DB
5049                     1513      1            0       1461            486          100.0           96.7             98.6   rtv_db

gene_id            %id    %sim   %cov   %t5   %gap  %t3   start..stop      pep sz ref sz ref id            definition
97.1               96.7   98.6   100.0  0.0   0.0   0.0   3..1463          486    486    ADO78288.1        NSP1 | non-structural protein 1


Sequence               Length  Genes  Pseudogenes  CDS Bases  Peptide Bases  %Ref Coverage  %Ref Identity  %Ref Similarity   Ref DB
5050                     2530      1            0       2508            835          100.0           98.7             99.6   rtv_db

gene_id            %id    %sim   %cov   %t5   %gap  %t3   start..stop      pep sz ref sz ref id            definition
98.1               98.7   99.7   100.0  0.0   0.0   0.0   6..2513          835    835    AAQ02692.1        VP3 | RNA capping protein VP3


Sequence               Length  Genes  Pseudogenes  CDS Bases  Peptide Bases  %Ref Coverage  %Ref Identity  %Ref Similarity   Ref DB
5051                     2725      1            0       2691            896          100.0           99.8             99.9   rtv_db

gene_id            %id    %sim   %cov   %t5   %gap  %t3   start..stop      pep sz ref sz ref id            definition
99.1               99.8   99.9   100.0  0.0   0.0   0.0   1..2691          896    896    AFJ68153.1        VP2 | core capsid protein VP2


Sequence               Length  Genes  Pseudogenes  CDS Bases  Peptide Bases  %Ref Coverage  %Ref Identity  %Ref Similarity   Ref DB
4887                     3269      1            0       3267           1088          100.0           99.9             99.9   rtv_db

gene_id            %id    %sim   %cov   %t5   %gap  %t3   start..stop      pep sz ref sz ref id            definition
100.1              99.9   99.9   100.0  0.0   0.0   0.0   2..3268          1088   1088   AFJ68164.1        VP1 | RNA-dependent RNA Polymerase VP1


Sequence               Length  Genes  Pseudogenes  CDS Bases  Peptide Bases  %Ref Coverage  %Ref Identity  %Ref Similarity   Ref DB
4888                     1019      1            0        954            317          100.0           98.7             99.4   rtv_db

gene_id            %id    %sim   %cov   %t5   %gap  %t3   start..stop      pep sz ref sz ref id            definition
101.1              98.7   99.4   100.0  0.0   0.0   0.0   25..978          317    317    AEG77040.1        NSP2 | non-structural protein 2


Sequence               Length  Genes  Pseudogenes  CDS Bases  Peptide Bases  %Ref Coverage  %Ref Identity  %Ref Similarity   Ref DB
4889                     1519      1            0       1461            486          100.0           99.2            100.0   rtv_db

gene_id            %id    %sim   %cov   %t5   %gap  %t3   start..stop      pep sz ref sz ref id            definition
102.1              99.2   99.9   100.0  0.0   0.0   0.0   3..1463          486    486    ADO78288.1        NSP1 | non-structural protein 1


Sequence               Length  Genes  Pseudogenes  CDS Bases  Peptide Bases  %Ref Coverage  %Ref Identity  %Ref Similarity   Ref DB
4890                      623      2            0        873            289          100.0          100.0            100.0   rtv_db

gene_id            %id    %sim   %cov   %t5   %gap  %t3   start..stop      pep sz ref sz ref id            definition
103.1              100.0  100.0  100.0  0.0   0.0   0.0   5..598           197    197    BAA98128.1        NSP5 | non-structural protein 5
103.2              100.0  100.0  100.0  0.0   0.0   0.0   63..341          92     92     AEB80146.1        NSP6 | non-structural protein 6


Sequence               Length  Genes  Pseudogenes  CDS Bases  Peptide Bases  %Ref Coverage  %Ref Identity  %Ref Similarity   Ref DB
4891                      706      1            0        528            175          100.0           99.4            100.0   rtv_db

gene_id            %id    %sim   %cov   %t5   %gap  %t3   start..stop      pep sz ref sz ref id            definition
104.1              99.4   100.0  100.0  0.0   0.0   0.0   18..545          175    175    AAG09159.1        NSP4 | non-structural protein 4


Sequence               Length  Genes  Pseudogenes  CDS Bases  Peptide Bases  %Ref Coverage  %Ref Identity  %Ref Similarity   Ref DB
4892                     1011      1            0        981            326          100.0           99.1             99.4   rtv_db

gene_id            %id    %sim   %cov   %t5   %gap  %t3   start..stop      pep sz ref sz ref id            definition
105.1              99.1   99.3   100.0  0.0   0.0   0.0   16..996          326    326    AFU34313.1        VP7 | capsid glycoprotein VP7


Sequence               Length  Genes  Pseudogenes  CDS Bases  Peptide Bases  %Ref Coverage  %Ref Identity  %Ref Similarity   Ref DB
4893                     1015      1            0        933            310          100.0          100.0            100.0   rtv_db

gene_id            %id    %sim   %cov   %t5   %gap  %t3   start..stop      pep sz ref sz ref id            definition
106.1              100.0  100.0  100.0  0.0   0.0   0.0   16..948          310    310    AFJ68171.1        NSP3 | non-structural protein 3


Sequence               Length  Genes  Pseudogenes  CDS Bases  Peptide Bases  %Ref Coverage  %Ref Identity  %Ref Similarity   Ref DB
4894                     1320      1            0       1194            397          100.0           99.7            100.0   rtv_db

gene_id            %id    %sim   %cov   %t5   %gap  %t3   start..stop      pep sz ref sz ref id            definition
107.1              99.7   100.0  100.0  0.0   0.0   0.0   4..1197          397    397    AEK69541.1        VP6 | inner capsid protein VP6


Sequence               Length  Genes  Pseudogenes  CDS Bases  Peptide Bases  %Ref Coverage  %Ref Identity  %Ref Similarity   Ref DB
4895                     2335      1            0       2328            775          100.0           99.9             99.9   rtv_db

gene_id            %id    %sim   %cov   %t5   %gap  %t3   start..stop      pep sz ref sz ref id            definition
108.1              99.9   99.9   100.0  0.0   0.0   0.0   1..2328          775    775    AFJ68221.1        VP4 | outer capsid spike protein VP4


Sequence               Length  Genes  Pseudogenes  CDS Bases  Peptide Bases  %Ref Coverage  %Ref Identity  %Ref Similarity   Ref DB
4896                     2530      1            0       2508            835          100.0           99.6             99.9   rtv_db

gene_id            %id    %sim   %cov   %t5   %gap  %t3   start..stop      pep sz ref sz ref id            definition
109.1              99.6   99.9   100.0  0.0   0.0   0.0   6..2513          835    835    AFJ68138.1        VP3 | RNA capping protein VP3


Sequence               Length  Genes  Pseudogenes  CDS Bases  Peptide Bases  %Ref Coverage  %Ref Identity  %Ref Similarity   Ref DB
5056                     2686      1            0       2673            890          100.0           99.9            100.0   rtv_db

gene_id            %id    %sim   %cov   %t5   %gap  %t3   start..stop      pep sz ref sz ref id            definition
110.1              99.9   100.0  100.0  0.0   0.0   0.0   2..2674          890    890    AFJ68151.1        VP2 | core capsid protein VP2


Sequence               Length  Genes  Pseudogenes  CDS Bases  Peptide Bases  %Ref Coverage  %Ref Identity  %Ref Similarity   Ref DB
4680                     3269      1            0       3267           1088          100.0           99.5             99.9   rtv_db

gene_id            %id    %sim   %cov   %t5   %gap  %t3   start..stop      pep sz ref sz ref id            definition
111.1              99.5   99.9   100.0  0.0   0.0   0.0   2..3268          1088   1088   AFQ21453.1        VP1 | RNA-dependent RNA Polymerase VP1


Sequence               Length  Genes  Pseudogenes  CDS Bases  Peptide Bases  %Ref Coverage  %Ref Identity  %Ref Similarity   Ref DB
4681                     1019      1            0        954            317          100.0           99.7            100.0   rtv_db

gene_id            %id    %sim   %cov   %t5   %gap  %t3   start..stop      pep sz ref sz ref id            definition
112.1              99.7   99.9   100.0  0.0   0.0   0.0   25..978          317    317    ADW41809.1        NSP2 | non-structural protein 2


Sequence               Length  Genes  Pseudogenes  CDS Bases  Peptide Bases  %Ref Coverage  %Ref Identity  %Ref Similarity   Ref DB
4682                     1513      1            0       1461            486          100.0           97.5             99.8   rtv_db

gene_id            %id    %sim   %cov   %t5   %gap  %t3   start..stop      pep sz ref sz ref id            definition
113.1              97.5   99.8   100.0  0.0   0.0   0.0   3..1463          486    486    ADK46522.1        NSP1 | non-structural protein 1


Sequence               Length  Genes  Pseudogenes  CDS Bases  Peptide Bases  %Ref Coverage  %Ref Identity  %Ref Similarity   Ref DB
4683                      623      2            0        873            289          100.0           99.7            100.0   rtv_db

gene_id            %id    %sim   %cov   %t5   %gap  %t3   start..stop      pep sz ref sz ref id            definition
114.1              100.0  100.0  100.0  0.0   0.0   0.0   5..598           197    197    AFB35214.1        NSP5 | non-structural protein 5
114.2              98.9   99.7   100.0  0.0   0.0   0.0   63..341          92     92     AAX13500.1        NSP6 | non-structural protein 6


Sequence               Length  Genes  Pseudogenes  CDS Bases  Peptide Bases  %Ref Coverage  %Ref Identity  %Ref Similarity   Ref DB
4684                      706      1            0        528            175          100.0          100.0            100.0   rtv_db

gene_id            %id    %sim   %cov   %t5   %gap  %t3   start..stop      pep sz ref sz ref id            definition
115.1              100.0  100.0  100.0  0.0   0.0   0.0   18..545          175    175    ABI84235.1        NSP4 | non-structural protein 4


Sequence               Length  Genes  Pseudogenes  CDS Bases  Peptide Bases  %Ref Coverage  %Ref Identity  %Ref Similarity   Ref DB
4686                     1015      1            0        933            310          100.0          100.0            100.0   rtv_db

gene_id            %id    %sim   %cov   %t5   %gap  %t3   start..stop      pep sz ref sz ref id            definition
116.1              100.0  100.0  100.0  0.0   0.0   0.0   16..948          310    310    ADO78334.1        NSP3 | non-structural protein 3


Sequence               Length  Genes  Pseudogenes  CDS Bases  Peptide Bases  %Ref Coverage  %Ref Identity  %Ref Similarity   Ref DB
4687                     1320      1            0       1194            397          100.0          100.0            100.0   rtv_db

gene_id            %id    %sim   %cov   %t5   %gap  %t3   start..stop      pep sz ref sz ref id            definition
117.1              100.0  100.0  100.0  0.0   0.0   0.0   4..1197          397    397    AEO45637.1        VP6 | inner capsid protein VP6


Sequence               Length  Genes  Pseudogenes  CDS Bases  Peptide Bases  %Ref Coverage  %Ref Identity  %Ref Similarity   Ref DB
4688                     2335      1            0       2328            775          100.0          100.0            100.0   rtv_db

gene_id            %id    %sim   %cov   %t5   %gap  %t3   start..stop      pep sz ref sz ref id            definition
118.1              100.0  100.0  100.0  0.0   0.0   0.0   1..2328          775    775    AEB79212.1        VP4 | outer capsid spike protein VP4


Sequence               Length  Genes  Pseudogenes  CDS Bases  Peptide Bases  %Ref Coverage  %Ref Identity  %Ref Similarity   Ref DB
4689                     2530      1            0       2508            835          100.0           98.8             99.8   rtv_db

gene_id            %id    %sim   %cov   %t5   %gap  %t3   start..stop      pep sz ref sz ref id            definition
119.1              98.8   99.8   100.0  0.0   0.0   0.0   6..2513          835    835    ABA34201.1        VP3 | RNA capping protein VP3


Sequence               Length  Genes  Pseudogenes  CDS Bases  Peptide Bases  %Ref Coverage  %Ref Identity  %Ref Similarity   Ref DB
4690                     2697      1            0       2685            894          100.0           99.7            100.0   rtv_db

gene_id            %id    %sim   %cov   %t5   %gap  %t3   start..stop      pep sz ref sz ref id            definition
120.1              99.7   100.0  100.0  0.0   0.0   0.0   1..2685          894    894    ADK46424.1        VP2 | core capsid protein VP2


Sequence               Length  Genes  Pseudogenes  CDS Bases  Peptide Bases  %Ref Coverage  %Ref Identity  %Ref Similarity   Ref DB
5048                     1011      1            0        981            326          100.0          100.0            100.0   rtv_db

gene_id            %id    %sim   %cov   %t5   %gap  %t3   start..stop      pep sz ref sz ref id            definition
121.1              100.0  100.0  100.0  0.0   0.0   0.0   16..996          326    326    BAL63276.1        VP7 | capsid glycoprotein VP7

