2013-02-28 16:05:59


parameters
	bl2seq_extend_hsp	25
	bl2seq_extend_span	50
	candidate_blastopts	-p blastx -M BLOSUM45 -e 1E-5 -g F -b 1000 -v 0 -F "" -z 3000000
	candidate_evalue	
	candidate_overlap_threshold	0.8
	candidate_refdb	
	command_line	/local/devel/ANNOTATION/VIRAL/VIGOR/new/VIGOR3.pl -i /home/atovtchi/work/jcvi_cloud_vir/test_data/VIGOR/NCBI/Rhinovirus/input/NC_001617.1.fa -o /home/atovtchi/work/jcvi_cloud_vir/test_data/VIGOR/NCBI/Rhinovirus/output/NC_001617.1
	default_gene_optional	0
	default_gene_required	0
	default_gene_variation	1
	frameshift_sensitivity	1
	gene_variations	
	jcvi_rules	1
	mature_pep_mincoverage	50
	mature_pep_minidentity	25
	mature_pep_minsimilarity	40
	mature_pep_refdb	/local/devel/ANNOTATION/VIRAL/VIGOR/data3/virus_mp
	max_intron_size	7000
	min_candidate_pctsimilarity	50
	min_candidate_sbjcoverage	33
	min_exon_size	3
	min_intron_size	30
	min_pseudogene_coverage	80
	min_pseudogene_identity	50
	min_pseudogene_similarity	75
	noncanonical_splicing_genes	
	optional_genes	
	reference_db	/local/devel/ANNOTATION/VIRAL/VIGOR/data3/virus_db
	required_genes	
	ribosomal_slippage_genes	
	rna_editing_genes	
	selectivity	0.985
	slippage_frameshift	-1
	slippage_motif	[NT][NT][NT]AAAC
	spliced_genes	
	splicesite_extend_range	0
	tile_overlap	1000000
	tile_size	10000000
	use_locus_tags	1
	variation	0.975
	verbose	0
	vigorspace	/local/devel/ANNOTATION/VIRAL/VIGOR/new/vigorscratch/425569.16510603


Sequence               Length  Genes  Pseudogenes  CDS Bases  Peptide Bases  %Ref Coverage  %Ref Identity  %Ref Similarity   Ref DB
gi|9627730|ref|NC_00     7152      1            0       6495           2164          100.0          100.0            100.0   hrv_db

gene_id            %id    %sim   %cov   %t5   %gap  %t3   start..stop      pep sz ref sz ref id            definition
1.1                100.0  100.0  100.0  0.0   0.0   0.0   619..7113        2164   2164   NP_042288.1       POL | polyprotein
1.1.1              94.2   99.6   100.0  0.0   0.0   0.0   619..825         69     69     X02316_mp1        protein VP4
1.1.2              100.0  100.0  100.0  0.0   0.0   0.0   826..1626        267    267    NP_740392.1       protein VP2
1.1.3              100.0  100.0  100.0  0.0   0.0   0.0   1627..2340       238    238    NP_740393.1       protein VP3
1.1.4              100.0  100.0  100.0  0.0   0.0   0.0   2341..3216       292    292    NP_740394.1       protein VP1
1.1.5              100.0  100.0  100.0  0.0   0.0   0.0   3217..3642       142    142    NP_740395.1       picornain 2A
1.1.6              100.0  100.0  100.0  0.0   0.0   0.0   3643..3927       95     95     NP_740396.1       protein 2B
1.1.7              100.0  100.0  100.0  0.0   0.0   0.0   3928..4890       321    321    NP_740397.1       protein 2C
1.1.8              100.0  100.0  100.0  0.0   0.0   0.0   4891..5118       76     76     NP_740398.1       protein 3A
1.1.9              100.0  100.0  100.0  0.0   0.0   0.0   5119..5181       21     21     FJ445142_mp9      protein 3B
1.1.10             100.0  100.0  100.0  0.0   0.0   0.0   5182..5730       183    183    NP_740400.1       picornain 3C
1.1.11             100.0  100.0  100.0  0.0   0.0   0.0   5731..7110       460    460    NP_740401.1       RNA-directed RNA polymerase 3D-POL

